warning: Git tree '/home/runner/work/oauth-mux/oauth-mux' is dirty
unpacking 'github:numtide/flake-utils/11707dc2f618dd54ca8739b309ec4fc024de578b?narHash=sha256-l0KFg5HjrsfsO/JpG%2Br7fRrqm12kzFHyUHqHCVpMMbI%3D' into the Git cache...
unpacking 'github:nix-systems/default/da67096a3b9bf56a91d16901293e51ba5b49a27e?narHash=sha256-Vy1rq5AaRuLzOxct8nz4T6wlgyUR7zLU309k9mBC768%3D' into the Git cache...
copying path '/nix/store/75bkaivfbwq3x8cs7155hag7hs1chjcx-source' from 'https://cache.nixos.org'...
unpacking 'github:mitchellh/zig-overlay/b91e12b72bd71b6e3e2dd53d9908fdb912924915?narHash=sha256-WA94DJIwJLelO%2B8Zn2IO69ITm0Nvkf/NqTQV4bPUEtE%3D' into the Git cache...
copying path '/nix/store/zml54rvr3wy3j177765pii32852zrv4p-source' from 'https://cache.nixos.org'...
copying path '/nix/store/1rdzdx1mp4liagq8dqhi4ljij9cblmwy-iana-etc-20251215' from 'https://cache.nixos.org'...
copying path '/nix/store/b73wvf83q4cjwzz99pdanbl8qpfawr69-mailcap-2.1.54' from 'https://cache.nixos.org'...
copying path '/nix/store/cxjmhdbpy3bk12jc6lwpmcvlas76a7zm-tzdata-2026a' from 'https://cache.nixos.org'...
copying path '/nix/store/wrxyd3k2f4bmh52pr5rpdjxxsm5r2qxm-gcc-15.2.0-libgcc' from 'https://cache.nixos.org'...
copying path '/nix/store/kppfbp4x7mhfz1q5zswavxxxq71v2f7c-gnu-config-2024-01-01' from 'https://cache.nixos.org'...
copying path '/nix/store/zp564phiicll8d53d973gbh8y3iiwlm7-nss-cacert-3.121' from 'https://cache.nixos.org'...
copying path '/nix/store/xx0z77494lfxr8qjwpck246fry05n3nm-xgcc-15.2.0-libgcc' from 'https://cache.nixos.org'...
copying path '/nix/store/i4gg1f526vl5psg5nqniflj4v77vc1kd-libunistring-1.4.2' from 'https://cache.nixos.org'...
copying path '/nix/store/6z76k3c19802b3w1rz4psfn7pd43n7i7-linux-headers-6.18.7' from 'https://cache.nixos.org'...
copying path '/nix/store/0minj1ypl50k4zl85gsngfw0z0y9ddg0-util-linux-minimal-2.42' from 'https://cache.nixos.org'...
copying path '/nix/store/yi9yjrv3bv63z0s08f06rkvbr28vkpyw-zlib-1.3.2-static' from 'https://cache.nixos.org'...
copying path '/nix/store/fgrv8x98dp0chacqvkssl2fvxyckizfa-gnu-config-2024-01-01' from 'https://cache.nixos.org'...
copying path '/nix/store/2a3izq4hffdd9r9gb2w6q2ibdc86kss6-xgcc-14.3.0-libgcc' from 'https://cache.nixos.org'...
copying path '/nix/store/p98zvq4nb98krxcv7ss2zr1qngfmi0f5-gcc-14.3.0-libgcc' from 'https://cache.nixos.org'...
copying path '/nix/store/7iwv8dcgsjmkrnn752hnfdxh3f7wahmd-linux-headers-6.16.7' from 'https://cache.nixos.org'...
copying path '/nix/store/3rkccxj7vi0p2a0d48c4a4z2vv2cni88-libunistring-1.4.1' from 'https://cache.nixos.org'...
copying path '/nix/store/prmlxccxinvq7c00kx97hg6wyc51662w-curl-8.18.0-man' from 'https://cache.nixos.org'...
copying path '/nix/store/w3mzgirrjkgxhcxgxqjd4kf9zlix0cgf-mirrors-list' from 'https://cache.nixos.org'...
copying path '/nix/store/9vv51km72lpngs6aixxplrr3c88q4c3c-update-autotools-gnu-config-scripts-hook' from 'https://cache.nixos.org'...
copying path '/nix/store/j170lwmm5lvlb918dyfwbjqrxixnq898-nghttp2-1.67.1' from 'https://cache.nixos.org'...
copying path '/nix/store/fsv41lv1q02kkycgx48s0h578y7j3gw2-update-autotools-gnu-config-scripts-hook' from 'https://cache.nixos.org'...
copying path '/nix/store/sgswwrxkhdlfskklqp4gsbi2cskfg07c-libidn2-2.3.8' from 'https://cache.nixos.org'...
copying path '/nix/store/hxcmad417fd8ql9ylx96xpak7da06yiv-libidn2-2.3.8' from 'https://cache.nixos.org'...
copying path '/nix/store/vr7ds8vwbl2fz7pr221d5y0f8n9a5wda-glibc-2.40-218' from 'https://cache.nixos.org'...
copying path '/nix/store/fjkx1l5cnskzrqacf08z7i8z17256w0j-glibc-2.42-61' from 'https://cache.nixos.org'...
copying path '/nix/store/0y221n4x5cwrig34sq4i40n3lls0m2ac-attr-2.5.2' from 'https://cache.nixos.org'...
copying path '/nix/store/fwr62xmh06l8y8zfgc5m18pfap9b8az0-bash-5.3p3' from 'https://cache.nixos.org'...
copying path '/nix/store/yx3h427vxpx4kwmc6v6imdxz49g4pwlx-bzip2-1.0.8' from 'https://cache.nixos.org'...
copying path '/nix/store/khv89gvjc5n3v5lsfyxhx87lz2440rcm-ed-1.22.2' from 'https://cache.nixos.org'...
copying path '/nix/store/z8g912b1xmi9g7jzwyjbchkbwa081ykq-gawk-5.3.2' from 'https://cache.nixos.org'...
copying path '/nix/store/0p8b2lqk47fvxm9hc6c8mnln5l8x51q1-gcc-14.3.0-lib' from 'https://cache.nixos.org'...
copying path '/nix/store/a1ah7ycnclcx30k3mlan1s89wpr92qq2-glibc-2.40-218-bin' from 'https://cache.nixos.org'...
copying path '/nix/store/42qjzp5cj2z6c2ccmj77665q0343lixh-gmp-6.3.0' from 'https://cache.nixos.org'...
copying path '/nix/store/xp29m40k5crmry03k3z2la03l06y3r2i-gnumake-4.4.1' from 'https://cache.nixos.org'...
copying path '/nix/store/592kyxjw9fnl255vcxkdpd8iaymg8y8l-keyutils-1.6.3-lib' from 'https://cache.nixos.org'...
copying path '/nix/store/jw8c6wlszmj94lndq4j07jk4g6rnpydi-nghttp2-1.67.1-lib' from 'https://cache.nixos.org'...
copying path '/nix/store/ra92sr0lhbd79v8r4n2rfhh5yphiax1z-expand-response-params' from 'https://cache.nixos.org'...
copying path '/nix/store/dvy1v72pqn0796fxsh20s13hmj5pr7y1-gnused-4.9' from 'https://cache.nixos.org'...
copying path '/nix/store/g1bqzr5hfrs08hljzdigyv9gm690l94i-pcre2-10.46' from 'https://cache.nixos.org'...
copying path '/nix/store/gnzl8nssqqnvv5i89izm11lg77x8h1s9-openssl-3.6.1' from 'https://cache.nixos.org'...
copying path '/nix/store/gm2an48fm22j6x8rwpw9ywhxja54qp0l-xz-5.8.1' from 'https://cache.nixos.org'...
copying path '/nix/store/xdxxfabbd8w0dadijsd8rkgvnhpn3rkf-zlib-1.3.1' from 'https://cache.nixos.org'...
copying path '/nix/store/m28pw7a348j1rspzwxqf59cvdw5q8lsp-patch-2.8' from 'https://cache.nixos.org'...
copying path '/nix/store/6hlcw7mxfsv506nwc992hwny630iy1br-nghttp2-1.67.1-dev' from 'https://cache.nixos.org'...
copying path '/nix/store/m8xhsd0wywj0g45hmvkj7aigp9glp7wq-isl-0.20' from 'https://cache.nixos.org'...
copying path '/nix/store/hxv7x4zi6phwmr45ad0243xwkd2xx51i-mpfr-4.2.2' from 'https://cache.nixos.org'...
copying path '/nix/store/4r29xglhvghzzqswwkll8b2q293yqlqm-gzip-1.14' from 'https://cache.nixos.org'...
copying path '/nix/store/bf550igzh3h95x25yg0ibjr3s8hwjzv0-gnugrep-3.12' from 'https://cache.nixos.org'...
copying path '/nix/store/1k8f0lkj10gsbb1fh0idr1423l37yj69-glibc-2.40-218-dev' from 'https://cache.nixos.org'...
copying path '/nix/store/avk494dnlxiyx1icqgmzbzga26hw9l7w-acl-2.3.2' from 'https://cache.nixos.org'...
copying path '/nix/store/3cgh22sipndi73jgmjxdwz00d9djplfd-bzip2-1.0.8-bin' from 'https://cache.nixos.org'...
copying path '/nix/store/af3yl6j9w0dzf0c81kkzbw3h994abbg7-libmpc-1.3.1' from 'https://cache.nixos.org'...
copying path '/nix/store/28ig94c6glbyjxlbnsrxxz0dqwp9p0f5-binutils-2.44-lib' from 'https://cache.nixos.org'...
copying path '/nix/store/nbyy447nn6grvdindk8as26z9fwypc79-file-5.45' from 'https://cache.nixos.org'...
copying path '/nix/store/rvajhfqp83qa64vrm5zrzjaqmxkkn26z-zlib-1.3.1-dev' from 'https://cache.nixos.org'...
copying path '/nix/store/b991fj4kanf5anzvhzp2lgxbdp05amnc-xz-5.8.1-bin' from 'https://cache.nixos.org'...
copying path '/nix/store/82naasl2p0mwk3l0d74gvcnzgisbvgsp-gmp-with-cxx-6.3.0' from 'https://cache.nixos.org'...
copying path '/nix/store/28wd9y9ndcgjqc7qrjszvghfv4r2kdrn-patchelf-0.15.2' from 'https://cache.nixos.org'...
copying path '/nix/store/z1nv854kk451zqzhj7x8x5siypjwq5ws-binutils-2.44' from 'https://cache.nixos.org'...
copying path '/nix/store/48nhpn1dv5pn74018agdz7qrbiik2sd5-coreutils-9.8' from 'https://cache.nixos.org'...
copying path '/nix/store/hy7mnzbwngafq13i5gqzq3ffjwmrpi3d-gnutar-1.35' from 'https://cache.nixos.org'...
copying path '/nix/store/ljk8wffznak0q9srdgv0s9gj92bihx60-diffutils-3.12' from 'https://cache.nixos.org'...
copying path '/nix/store/xw0fhda3s7skl5b3pniian88dw4v5wzh-findutils-4.10.0' from 'https://cache.nixos.org'...
copying path '/nix/store/yps9cjmi8g58mh0f7pw902br7gxwg2dz-gcc-14.3.0' from 'https://cache.nixos.org'...
copying path '/nix/store/5v9y5h8cjx39r2rcp97x8qd4acjlzvi7-stdenv-linux' from 'https://cache.nixos.org'...
copying path '/nix/store/dizf2gmipn8gfj7blk6xpdinvgbr2xbg-libssh2-1.11.1' from 'https://cache.nixos.org'...
copying path '/nix/store/8wzgca0f6ngb73982i9z4894h6jzhp31-krb5-1.22.1-lib' from 'https://cache.nixos.org'...
copying path '/nix/store/s8pa6bphx09340p8aq1njp56d9iv9wj7-openssl-3.6.1-bin' from 'https://cache.nixos.org'...
copying path '/nix/store/w6v7kamd9q18n9v1d8dchxb00q31pscp-openssl-3.6.1-dev' from 'https://cache.nixos.org'...
copying path '/nix/store/72g786l4y1h0c4spipxairb2pa2g35zw-curl-8.18.0' from 'https://cache.nixos.org'...
copying path '/nix/store/y9ddk3h1d80snchvh5a7rd98b12q0f9d-krb5-1.22.1' from 'https://cache.nixos.org'...
copying path '/nix/store/q464imnlzzwwrnv98iclp9f7zfi4a1z2-binutils-wrapper-2.44' from 'https://cache.nixos.org'...
copying path '/nix/store/y7z5jh875kknqhqvjdi4yna7dpppvmjr-libssh2-1.11.1-dev' from 'https://cache.nixos.org'...
copying path '/nix/store/sfzxnakjmqahxs5g6igh1dfrxg1n919w-krb5-1.22.1-dev' from 'https://cache.nixos.org'...
copying path '/nix/store/sj21wvgav31rymcm9bj8xix35ipmcvvw-curl-8.18.0-bin' from 'https://cache.nixos.org'...
copying path '/nix/store/89krjzqay2idgsc16s49shdnnfnbm6b6-curl-8.18.0-dev' from 'https://cache.nixos.org'...
building '/nix/store/1mcwsnpkk9ixgk5bisfacifv3rsy6w88-zig-x86_64-linux-0.14.1.tar.xz?source=nix-zig-overlay.drv'...
copying path '/nix/store/h963yim5mc9429i628d0hnhpfvzhlxdr-age-1.3.1' from 'https://cache.nixos.org'...
copying path '/nix/store/i27rhb3nr65rkrwz36bchkwmav6ggsmn-bash-5.3p9' from 'https://cache.nixos.org'...
copying path '/nix/store/7ff90dag7i173s49c5m614wny2lpps1l-brotli-1.2.0-lib' from 'https://cache.nixos.org'...
copying path '/nix/store/sl325r3s6d4gl9lmr2hwg2wgp2m0qs7c-attr-2.5.2' from 'https://cache.nixos.org'...
copying path '/nix/store/pa6n8nrmgq8jswk2pkrl5qprcls1r0ch-expat-2.7.5' from 'https://cache.nixos.org'...
copying path '/nix/store/vgkpd3gpc09z4pz4wf4aqrzi2ch5p8ag-c-ares-1.34.6' from 'https://cache.nixos.org'...
copying path '/nix/store/2zn3jw8xvvs4jqdxc43qc3h2fgx55qmz-c-ares-1.34.6' from 'https://cache.nixos.org'...
copying path '/nix/store/si4q3zks5mn5jhzzyri9hhd3cv789vlm-gcc-15.2.0-lib' from 'https://cache.nixos.org'...
copying path '/nix/store/rnaq5b0la7pcq6hyf86iy8ihazgcamg6-gdbm-1.26-lib' from 'https://cache.nixos.org'...
copying path '/nix/store/h7zzkg5vh5v03wv9c7gdac064lm0s68p-gitleaks-8.30.1' from 'https://cache.nixos.org'...
copying path '/nix/store/2amncb4zvr32gm5d2i8m6gz29c02cn61-bzip2-1.0.8' from 'https://cache.nixos.org'...
copying path '/nix/store/hmszpzzhc207q0id52shxs44ylgbf3kg-expand-response-params' from 'https://cache.nixos.org'...
copying path '/nix/store/jw7ki3s7krg2ddq00hb8563bd1i4ddrg-ed-1.22.5' from 'https://cache.nixos.org'...
copying path '/nix/store/lakv43kv98sl6h0ba6wnyg513mcq61vl-gawk-5.4.0' from 'https://cache.nixos.org'...
copying path '/nix/store/pf30k3mg7n6bibc1k6609gyq7glk00k2-glibc-2.42-61-bin' from 'https://cache.nixos.org'...
copying path '/nix/store/aq1mmp3scqgc31ki5p8qbl0zjwc6a8kq-gmp-6.3.0' from 'https://cache.nixos.org'...
copying path '/nix/store/bifwnk7bvspj2mqc1w7dcydz8lkvfy1q-acl-2.3.2' from 'https://cache.nixos.org'...
copying path '/nix/store/yvrwcs1a45rj8142n0l2w9q9s6akamjr-gnumake-4.4.1' from 'https://cache.nixos.org'...
copying path '/nix/store/h2fnj4cxg0319nqllmc97xdbq9hfhr0a-libev-4.33' from 'https://cache.nixos.org'...
copying path '/nix/store/af4a8i43kc2ss4rnmf0swkk2mprsw6xq-gnused-4.9' from 'https://cache.nixos.org'...
copying path '/nix/store/zj6r42syyswkhrr174bzppj3n7xhq936-bzip2-1.0.8-bin' from 'https://cache.nixos.org'...
copying path '/nix/store/hyai3q7gvdfppw4ky7s2mvhxvfyp5bh7-libffi-3.5.2' from 'https://cache.nixos.org'...
copying path '/nix/store/yiw5hnsdql8zs25invyr8mgi1asy4lwy-libuv-1.52.1' from 'https://cache.nixos.org'...
copying path '/nix/store/jp0mf0756vlv1pzfg6ik0yq8bwkrm0w8-c-ares-1.34.6-dev' from 'https://cache.nixos.org'...
copying path '/nix/store/rqm937a4rpsa6qdb86slfjkvm7h4wjd5-llhttp-9.3.1' from 'https://cache.nixos.org'...
copying path '/nix/store/mj1k1nsdqr0mp9wsnkg7blgh3xf5wssv-brotli-1.2.0' from 'https://cache.nixos.org'...
copying path '/nix/store/rnvb7bvp53v2dw7pcwh9xb89x5z4rjib-gnutar-1.35' from 'https://cache.nixos.org'...
copying path '/nix/store/yw0fl2v8g35w2dii8phnr0fjb9nr1b0b-mpdecimal-4.0.1' from 'https://cache.nixos.org'...
copying path '/nix/store/2iaawa9vbqas51lgpn4cjnnfdv74x8fn-ncurses-6.6' from 'https://cache.nixos.org'...
copying path '/nix/store/9lhr1c3l9qzv8pzp3idmii1nwvxxjys3-gzip-1.14' from 'https://cache.nixos.org'...
copying path '/nix/store/92ihchql3w9pb0dgxlpj5pbm7sccf8vi-libuv-1.52.1-dev' from 'https://cache.nixos.org'...
copying path '/nix/store/d760w95rdva7hgq9nis0wq12lrlkg8q1-isl-0.20' from 'https://cache.nixos.org'...
copying path '/nix/store/09dza6zabfgf9wn44sx009ycwj5ssidp-mpfr-4.2.2' from 'https://cache.nixos.org'...
copying path '/nix/store/zbw8ckk8rcsc9f1ynj88107lr72ks10m-nfpm-2.46.1' from 'https://cache.nixos.org'...
copying path '/nix/store/fbbw928argckfii0j322346ihmllg7a7-glibc-2.42-61-dev' from 'https://cache.nixos.org'...
copying path '/nix/store/sxm3gva62py9qxnhrm9bcb28gsclv7w5-llhttp-9.3.1-dev' from 'https://cache.nixos.org'...
copying path '/nix/store/ni7mc01gwsdsdman8flmhmaxvxmfyy0r-nghttp2-1.68.1-lib' from 'https://cache.nixos.org'...
copying path '/nix/store/133x0z91pizyk8zr4l2ccgqlclpkp1lj-nghttp3-1.15.0' from 'https://cache.nixos.org'...
copying path '/nix/store/1x1msj33z37b65vlxbs51l7i4j92qn9h-brotli-1.2.0-dev' from 'https://cache.nixos.org'...
copying path '/nix/store/ic9dmcfd2pbvvrd8sbw0h8x9mfb0wll0-oniguruma-6.9.10-lib' from 'https://cache.nixos.org'...
copying path '/nix/store/wbyqkb1vpm41s4jb8pv0i9h4jv08xdrv-openssl-3.6.1' from 'https://cache.nixos.org'...
copying path '/nix/store/zj7mxwji29zvj9vl70iip7gw4h6ljfam-patch-2.8' from 'https://cache.nixos.org'...
copying path '/nix/store/khhzkpj9169ydnyg7jjrjx7s5ygdkcas-pcre2-10.46' from 'https://cache.nixos.org'...
copying path '/nix/store/na9cdkq3wpq0pqwh3d86l1bzm7hsnygm-sops-3.12.2' from 'https://cache.nixos.org'...
copying path '/nix/store/d2xhslm8a0b1lk0p4plmyip3i194znhy-nghttp3-1.15.0-dev' from 'https://cache.nixos.org'...
copying path '/nix/store/291rd5nk7hkhcpzbh7pxqiz75xikdll3-util-linux-minimal-2.42-lib' from 'https://cache.nixos.org'...
copying path '/nix/store/6cpr1x5ydr8cypwpds5a033vwd61l7wq-libmpc-1.4.0' from 'https://cache.nixos.org'...
copying path '/nix/store/09bq2i0kb008ccg3qdbyxv81ggxxnn09-jq-1.8.1' from 'https://cache.nixos.org'...
copying path '/nix/store/hmslvsxvs2ijb7iw5krdckai2im6vp2y-xz-5.8.3' from 'https://cache.nixos.org'...
copying path '/nix/store/8vx4017b0nj6xqxi06c8zrddkhyyiwa4-uvwasi-0.0.23' from 'https://cache.nixos.org'...
copying path '/nix/store/ixhlv41i2wpl84xgjcks061dz4yssbg3-zlib-1.3.2' from 'https://cache.nixos.org'...
copying path '/nix/store/wf7lr2hf43546jc5kwqh3dbxnpcnw1mn-gnugrep-3.12' from 'https://cache.nixos.org'...
copying path '/nix/store/v5c3inhfq6xshmwg1c254vfbcy4jp3k9-jq-1.8.1-bin' from 'https://cache.nixos.org'...
copying path '/nix/store/2nm5c858fh52s6mhcffm07s3biaxys44-xz-5.8.3-bin' from 'https://cache.nixos.org'...
copying path '/nix/store/iscmg3ivhx7z67dz14lrg7p77gnsa4dw-file-5.45' from 'https://cache.nixos.org'...
copying path '/nix/store/5087xk8l09k90gddzw8y9b4yypyn23a5-sqlite-3.51.2' from 'https://cache.nixos.org'...
copying path '/nix/store/67cm7qx8s210dwkq64vqbf3q9z62ddyg-sqlite-3.51.2-bin' from 'https://cache.nixos.org'...
copying path '/nix/store/3yl2s5r3yph88imzbgbdrh8pbs9rcjcs-zlib-1.3.2-dev' from 'https://cache.nixos.org'...
copying path '/nix/store/97mss3fkxaf0aprk2bllqan9n8cix1sh-binutils-2.46-lib' from 'https://cache.nixos.org'...
copying path '/nix/store/p8x5zv9s9qg3ld8b7jdm03hkpdqybjl9-jq-1.8.1-dev' from 'https://cache.nixos.org'...
copying path '/nix/store/sanx9fg8mry8mq92zhlm5qvb83qlxrlx-gcc-15.2.0' from 'https://cache.nixos.org'...
copying path '/nix/store/5yypk94lvsbvskjz5xyav09j5ydxm8za-gmp-with-cxx-6.3.0' from 'https://cache.nixos.org'...
copying path '/nix/store/0dmcpvbp2rvz8a7p2yhsrkpcb41kr6wl-icu4c-76.1' from 'https://cache.nixos.org'...
copying path '/nix/store/vr4agmy8jw7f8kqynpizagdaqxy0ayw4-just-1.50.0' from 'https://cache.nixos.org'...
copying path '/nix/store/66lksljlljdd5ppgvfk8g89y8xgqcxd7-patchelf-0.15.2' from 'https://cache.nixos.org'...
copying path '/nix/store/47h2ny0j1xbz879a9s7s55fyv3zawr3r-readline-8.3p3' from 'https://cache.nixos.org'...
copying path '/nix/store/x0h231w78bnb7f28ha0qpk6mff9knaz2-simdjson-4.6.0' from 'https://cache.nixos.org'...
copying path '/nix/store/7h3zzk8yssskfnrhhj0jffsa7qcpzik8-simdutf-6.5.0' from 'https://cache.nixos.org'...
copying path '/nix/store/jjxngswsb214vb58qx485jhmilf0kxxy-coreutils-9.10' from 'https://cache.nixos.org'...
copying path '/nix/store/p2vkw5s89ff1fs2d2rxqxiqil9s0jpcm-binutils-2.46' from 'https://cache.nixos.org'...
copying path '/nix/store/4bwbk4an4bx7cb8xwffghvjjyfyl7m2i-bash-interactive-5.3p9' from 'https://cache.nixos.org'...
copying path '/nix/store/p9xsgqmzlxb3bkgbs05wbh1x7z73rs77-simdutf-8.1.0' from 'https://cache.nixos.org'...
copying path '/nix/store/k0rqiflg1vkn1kj96br5pfxj40p3srz4-zstd-1.5.7' from 'https://cache.nixos.org'...
copying path '/nix/store/jphqqkgn7swnppi4dgwxavd3fac51bvx-sqlite-3.51.2-dev' from 'https://cache.nixos.org'...
copying path '/nix/store/k98p04gl9h8kwmyyl7g07xln007zi2w7-ada-3.4.4' from 'https://cache.nixos.org'...
copying path '/nix/store/91jddg4g6788ilnk3kww8j8jhxhzk6d3-zstd-1.5.7-bin' from 'https://cache.nixos.org'...
copying path '/nix/store/0r6k8xa2kgqyp3r4v2w7yrb80ma2iawm-python3-3.13.12' from 'https://cache.nixos.org'...
copying path '/nix/store/2di90l89y2ygdy3rbws7dhg9nrvd3pnx-openssl-3.6.1-bin' from 'https://cache.nixos.org'...
copying path '/nix/store/8a06kxy9vc8mvz15ar9snyf9kdgjrjb6-nghttp2-1.68.1' from 'https://cache.nixos.org'...
copying path '/nix/store/g5sd94mk8w1a0wiipk81ri0prk136d32-ngtcp2-1.22.0' from 'https://cache.nixos.org'...
copying path '/nix/store/hx084k7pgz4n0vgkvil9gbcnl8y6p1xf-diffutils-3.12' from 'https://cache.nixos.org'...
copying path '/nix/store/vhsirn9m1ifmnw5g1qczzhvqkx6lw1if-findutils-4.10.0' from 'https://cache.nixos.org'...
copying path '/nix/store/vbqakw4shfcbmdxs6kkp3jmp9k5br94y-zstd-1.5.7-dev' from 'https://cache.nixos.org'...
copying path '/nix/store/yp754aaxmfqdag95053yax1fdaa4s9ck-ngtcp2-1.22.0-dev' from 'https://cache.nixos.org'...
copying path '/nix/store/dy64cxaygvmjfznysgxk501yds8jij6s-openssl-3.6.1-dev' from 'https://cache.nixos.org'...
copying path '/nix/store/762388ra9xjx2j8q4q1dipz183axz082-nghttp2-1.68.1-dev' from 'https://cache.nixos.org'...
copying path '/nix/store/kfwagnh6i1mysf7vxq679rzh30z9zj3g-binutils-wrapper-2.46' from 'https://cache.nixos.org'...
copying path '/nix/store/x45d95acx6rybkb5cidrxxffval9k2pg-gcc-wrapper-14.3.0' from 'https://cache.nixos.org'...
copying path '/nix/store/nyb412rmpdv4wx11vvs499mqggzzdv22-stdenv-linux' from 'https://cache.nixos.org'...
copying path '/nix/store/fga8simmllr8rlxql3qfb41620yh3n3p-icu4c-76.1-dev' from 'https://cache.nixos.org'...
copying path '/nix/store/2bslrww4ch7my47xxwabj1qy4acq4720-nodejs-slim-24.14.1' from 'https://cache.nixos.org'...
copying path '/nix/store/2xhh47awvfgslpm8fr66icvrwmjl0fia-nodejs-slim-24.14.1-corepack' from 'https://cache.nixos.org'...
copying path '/nix/store/1d1cfwpg84gmfvjaf9nspdyj34cj5gg8-nodejs-slim-24.14.1-npm' from 'https://cache.nixos.org'...
copying path '/nix/store/785jidgnryzj566s25s3rb262d4g5znb-nodejs-24.14.1' from 'https://cache.nixos.org'...
building '/nix/store/q8wpsqxf8rzagrvxdfg2b0zjqpvaknfk-zig-0.14.1.drv'...
copying path '/nix/store/81jgbqk47igksyjrj7gjm4x3l91mhy8y-python3.13-attrs-25.4.0' from 'https://cache.nixos.org'...
copying path '/nix/store/77p6rnrhbc14aaw7iwf6d7vxl89qa9kj-python3.13-click-8.3.1' from 'https://cache.nixos.org'...
copying path '/nix/store/ffl6rnq6adprav63d171av3v1a9c4a7x-python3.13-idna-3.11' from 'https://cache.nixos.org'...
copying path '/nix/store/hqpy59n4gai7vdd2wdzvgax6gjnk83wc-python3.13-certifi-2026.01.04' from 'https://cache.nixos.org'...
copying path '/nix/store/x8py1bgqy5lchmy3rpav9vmv6822pg61-python3.13-charset-normalizer-3.4.4' from 'https://cache.nixos.org'...
copying path '/nix/store/5cmi1cz77k0k8wqavfc9vz4p871fc2vy-python3.13-rpds-py-0.30.0' from 'https://cache.nixos.org'...
copying path '/nix/store/g6jq2yrmg4zfc731h2271kcf64f4m7sr-python3.13-ruamel-base-1.0.0' from 'https://cache.nixos.org'...
copying path '/nix/store/vp69b30dzx21lqy3k6bj5ni4sp8bqkxm-python3.13-typing-extensions-4.15.0' from 'https://cache.nixos.org'...
copying path '/nix/store/xji0h1llfngfhfmb3gxv7xw4ymafxa22-python3.13-ply-3.11' from 'https://cache.nixos.org'...
copying path '/nix/store/m3b3zqvq696wzmrn0w1ddba5zyz3p4ab-python3.13-urllib3-2.6.3' from 'https://cache.nixos.org'...
copying path '/nix/store/sdxirkvwy41qdw3gk0yviiha6yprlj4c-python3.13-ruamel-yaml-clib-0.2.15' from 'https://cache.nixos.org'...
copying path '/nix/store/wbfr0q4nl3a8d7wabb1y5ywm1lzh8j3x-python3.13-regress-2025.10.1' from 'https://cache.nixos.org'...
copying path '/nix/store/lfi9b36qxwn35w7qprgpxpmhmgk7siqx-python3.13-referencing-0.37.0' from 'https://cache.nixos.org'...
copying path '/nix/store/6pdrp8nmn4dfpqzdcf1rcph454dqadq8-python3.13-jsonpath-ng-1.7.0' from 'https://cache.nixos.org'...
copying path '/nix/store/pdm2viascxwb4mansrin2bhpgkk95lmp-python3.13-jsonschema-specifications-2025.9.1' from 'https://cache.nixos.org'...
copying path '/nix/store/f8lxxvb9mwjmdf0yz02lv5dqzp326bm4-python3.13-ruamel-yaml-0.19.1' from 'https://cache.nixos.org'...
copying path '/nix/store/nhamj2ldnyn6gwjwcy9pf55ixxgkbscz-python3.13-jsonschema-4.26.0' from 'https://cache.nixos.org'...
copying path '/nix/store/fc8jd38a9lyk1pn464lpl8kp258rxwsl-python3.13-requests-2.33.1' from 'https://cache.nixos.org'...
copying path '/nix/store/6iwvmsa2rlz5qscxh03xjjayhn8b7zzl-check-jsonschema-0.37.1' from 'https://cache.nixos.org'...
copying path '/nix/store/qd70v8g0561vm8m33kmnp79z00cgyi5n-gcc-wrapper-15.2.0' from 'https://cache.nixos.org'...
copying path '/nix/store/w708nqm6lvvikrq8d3x45g96hzfij0r8-stdenv-linux' from 'https://cache.nixos.org'...
building '/nix/store/mzlnm1bjv7xfx20nrl6x7qwaphh0if6h-nix-shell-env.drv'...
this path will be fetched (0.10 MiB download, 0.10 MiB unpacked):
  /nix/store/arys3dnblxv60q8b575scyd6b97s0yzi-bash-interactive-5.3p9-man
copying path '/nix/store/arys3dnblxv60q8b575scyd6b97s0yzi-bash-interactive-5.3p9-man' from 'https://cache.nixos.org'...
oauth-mux dev shell — zig 0.14.1
+ zig fmt src/managed_harness_contract.zig
+ zig build update-managed-harness-schema
+ zig test src/managed_harness_contract.zig
1/5 managed_harness_contract.test.managed harness surface is declaration-only and stable...OK
2/5 managed_harness_contract.test.managed harness schema binds request results and bounded attempts...OK
3/5 managed_harness_contract.test.managed harness schema freezes carrier replay wait lease and redaction policy...OK
4/5 managed_harness_contract.test.managed harness schema types leases actions and the only legal followup attempts...OK
5/5 managed_harness_contract.test.managed harness schema excludes sensitive names and bounds typed extensions...OK
All 5 tests passed.
+ zig build check-managed-harness-schema
+ ./scripts/check-managed-harness-instances.sh
